{
  "version": "1.5.50",
  "plugins_used": [
    {
      "name": "ArtifactoryDetector"
    },
    {
      "name": "AWSKeyDetector"
    },
    {
      "name": "AzureStorageKeyDetector"
    },
    {
      "name": "Base64HighEntropyString",
      "limit": 4.5
    },
    {
      "name": "BasicAuthDetector"
    },
    {
      "name": "CloudantDetector"
    },
    {
      "name": "DiscordBotTokenDetector"
    },
    {
      "name": "GitHubTokenDetector"
    },
    {
      "name": "GitLabTokenDetector"
    },
    {
      "name": "HexHighEntropyString",
      "limit": 3.0
    },
    {
      "name": "IbmCloudIamDetector"
    },
    {
      "name": "IbmCosHmacDetector"
    },
    {
      "name": "IPPublicDetector"
    },
    {
      "name": "JwtTokenDetector"
    },
    {
      "name": "KeywordDetector",
      "keyword_exclude": ""
    },
    {
      "name": "MailchimpDetector"
    },
    {
      "name": "NpmDetector"
    },
    {
      "name": "OpenAIDetector"
    },
    {
      "name": "PrivateKeyDetector"
    },
    {
      "name": "PypiTokenDetector"
    },
    {
      "name": "SendGridDetector"
    },
    {
      "name": "SlackDetector"
    },
    {
      "name": "SoftlayerDetector"
    },
    {
      "name": "SquareOAuthDetector"
    },
    {
      "name": "StripeDetector"
    },
    {
      "name": "TelegramBotTokenDetector"
    },
    {
      "name": "TwilioKeyDetector"
    }
  ],
  "filters_used": [
    {
      "path": "detect_secrets.filters.allowlist.is_line_allowlisted"
    },
    {
      "path": "detect_secrets.filters.common.is_baseline_file",
      "filename": ".secrets.baseline"
    },
    {
      "path": "detect_secrets.filters.common.is_ignored_due_to_verification_policies",
      "min_level": 2
    },
    {
      "path": "detect_secrets.filters.heuristic.is_indirect_reference"
    },
    {
      "path": "detect_secrets.filters.heuristic.is_likely_id_string"
    },
    {
      "path": "detect_secrets.filters.heuristic.is_lock_file"
    },
    {
      "path": "detect_secrets.filters.heuristic.is_not_alphanumeric_string"
    },
    {
      "path": "detect_secrets.filters.heuristic.is_potential_uuid"
    },
    {
      "path": "detect_secrets.filters.heuristic.is_prefixed_with_dollar_sign"
    },
    {
      "path": "detect_secrets.filters.heuristic.is_sequential_string"
    },
    {
      "path": "detect_secrets.filters.heuristic.is_swagger_file"
    },
    {
      "path": "detect_secrets.filters.heuristic.is_templated_secret"
    },
    {
      "path": "detect_secrets.filters.regex.should_exclude_file",
      "pattern": [
        "(^|[\\\\/])(\\.git|\\.venv|node_modules|cdk\\.out|evidence|dist|build|__pycache__)[\\\\/]|\\.(sig|png|jpg|gz|zip|whl)$|sbom.*\\.json$"
      ]
    }
  ],
  "results": {
    "agents\\pharmacovigilance\\manifest.yaml": [
      {
        "type": "Secret Keyword",
        "filename": "agents\\pharmacovigilance\\manifest.yaml",
        "hashed_secret": "b0ae1ab1ad32e2f6baf2cd4a148a5634f87b3153",
        "is_verified": false,
        "line_number": 21,
        "is_added": false,
        "is_removed": false
      },
      {
        "type": "Secret Keyword",
        "filename": "agents\\pharmacovigilance\\manifest.yaml",
        "hashed_secret": "10cfc7b40050cc1777831c27bc1b33c972d93469",
        "is_verified": false,
        "line_number": 23,
        "is_added": false,
        "is_removed": false
      },
      {
        "type": "Secret Keyword",
        "filename": "agents\\pharmacovigilance\\manifest.yaml",
        "hashed_secret": "d13d5d31df9f7a4d795aa9fd322838cc23a9c621",
        "is_verified": false,
        "line_number": 25,
        "is_added": false,
        "is_removed": false
      }
    ],
    "lib\\connector\\deploy_connector.sh": [
      {
        "type": "Secret Keyword",
        "filename": "lib\\connector\\deploy_connector.sh",
        "hashed_secret": "28f98301205830aab01f2890607a790604f82803",
        "is_verified": false,
        "line_number": 24,
        "is_added": false,
        "is_removed": false
      }
    ],
    "lib\\connector\\sor_api.py": [
      {
        "type": "Secret Keyword",
        "filename": "lib\\connector\\sor_api.py",
        "hashed_secret": "1c2d805e5570867f137dd1d0cb58a7fb48263630",
        "is_verified": false,
        "line_number": 198,
        "is_added": false,
        "is_removed": false
      }
    ],
    "lib\\controls\\provenance.py": [
      {
        "type": "Secret Keyword",
        "filename": "lib\\controls\\provenance.py",
        "hashed_secret": "6deda9ff40e1b3a66cf61dd9ebac9c962b074487",
        "is_verified": false,
        "line_number": 29,
        "is_added": false,
        "is_removed": false
      },
      {
        "type": "Secret Keyword",
        "filename": "lib\\controls\\provenance.py",
        "hashed_secret": "0428839403be6b954c09dcfe425e81a0379f11cd",
        "is_verified": false,
        "line_number": 30,
        "is_added": false,
        "is_removed": false
      }
    ],
    "lib\\engine\\deploy.sh": [
      {
        "type": "Secret Keyword",
        "filename": "lib\\engine\\deploy.sh",
        "hashed_secret": "6eef6648406c333a4035cd5e60d0bf2ecf2606d7",
        "is_verified": false,
        "line_number": 189,
        "is_added": false,
        "is_removed": false
      }
    ],
    "lib\\model_prices.json": [
      {
        "type": "Base64 High Entropy String",
        "filename": "lib\\model_prices.json",
        "hashed_secret": "792d90cb11757574913dbf10be95f6466c604e75",
        "is_verified": false,
        "line_number": 2,
        "is_added": false,
        "is_removed": false
      }
    ],
    "lib\\runtime\\Dockerfile": [
      {
        "type": "Hex High Entropy String",
        "filename": "lib\\runtime\\Dockerfile",
        "hashed_secret": "656beccd3c5a5681ef5b4c15801539d405494f84",
        "is_verified": false,
        "line_number": 3,
        "is_added": false,
        "is_removed": false
      }
    ],
    "scripts\\prove_concurrency_live.py": [
      {
        "type": "Secret Keyword",
        "filename": "scripts\\prove_concurrency_live.py",
        "hashed_secret": "7c078e4e5c8e0aeeaafe0ad55d953769d3a22fcc",
        "is_verified": false,
        "line_number": 136,
        "is_added": false,
        "is_removed": false
      },
      {
        "type": "Secret Keyword",
        "filename": "scripts\\prove_concurrency_live.py",
        "hashed_secret": "3de5587078f5b6a2414fb0e6710dabe67365b90b",
        "is_verified": false,
        "line_number": 142,
        "is_added": false,
        "is_removed": false
      }
    ],
    "scripts\\validate_deployment.py": [
      {
        "type": "Secret Keyword",
        "filename": "scripts\\validate_deployment.py",
        "hashed_secret": "b40f85dcc743fd999debd8563f2154a8f51df1b7",
        "is_verified": false,
        "line_number": 81,
        "is_added": false,
        "is_removed": false
      }
    ],
    "tests\\test_cdk_stacks.py": [
      {
        "type": "Secret Keyword",
        "filename": "tests\\test_cdk_stacks.py",
        "hashed_secret": "f9eeaf7fde1bdf57ddd6bafa735cea386cd3e36e",
        "is_verified": false,
        "line_number": 777,
        "is_added": false,
        "is_removed": false
      }
    ],
    "tests\\test_connector_sig.py": [
      {
        "type": "Base64 High Entropy String",
        "filename": "tests\\test_connector_sig.py",
        "hashed_secret": "228eaaf10bbf842bd4bde7c7fe8b9d1ea7f50740",
        "is_verified": false,
        "line_number": 18,
        "is_added": false,
        "is_removed": false
      },
      {
        "type": "JSON Web Token",
        "filename": "tests\\test_connector_sig.py",
        "hashed_secret": "2af8fa7d30021df2801a0589f2359d84c822a881",
        "is_verified": false,
        "line_number": 24,
        "is_added": false,
        "is_removed": false
      },
      {
        "type": "JSON Web Token",
        "filename": "tests\\test_connector_sig.py",
        "hashed_secret": "9a7b73bf3d0b71a51019fbdcf0a5af0db1f4910c",
        "is_verified": false,
        "line_number": 25,
        "is_added": false,
        "is_removed": false
      },
      {
        "type": "Secret Keyword",
        "filename": "tests\\test_connector_sig.py",
        "hashed_secret": "1c2d805e5570867f137dd1d0cb58a7fb48263630",
        "is_verified": false,
        "line_number": 66,
        "is_added": false,
        "is_removed": false
      }
    ],
    "tests\\test_secrets_baseline_check.py": [
      {
        "type": "Secret Keyword",
        "filename": "tests\\test_secrets_baseline_check.py",
        "hashed_secret": "6367c48dd193d56ea7b0baad25b19455e529f5ee",
        "is_verified": false,
        "line_number": 43,
        "is_added": false,
        "is_removed": false
      },
      {
        "type": "Secret Keyword",
        "filename": "tests\\test_secrets_baseline_check.py",
        "hashed_secret": "f49cf6381e322b147053b74e4500af8533ac1e4c",
        "is_verified": false,
        "line_number": 66,
        "is_added": false,
        "is_removed": false
      }
    ],
    "tests\\test_signoff_identity.py": [
      {
        "type": "Secret Keyword",
        "filename": "tests\\test_signoff_identity.py",
        "hashed_secret": "0f12541afcce175fb34bb05a79c95b76e765488b",
        "is_verified": false,
        "line_number": 49,
        "is_added": false,
        "is_removed": false
      },
      {
        "type": "Secret Keyword",
        "filename": "tests\\test_signoff_identity.py",
        "hashed_secret": "87ea5dfc8b8e384d848979496e706390b497e547",
        "is_verified": false,
        "line_number": 71,
        "is_added": false,
        "is_removed": false
      },
      {
        "type": "Base64 High Entropy String",
        "filename": "tests\\test_signoff_identity.py",
        "hashed_secret": "228eaaf10bbf842bd4bde7c7fe8b9d1ea7f50740",
        "is_verified": false,
        "line_number": 93,
        "is_added": false,
        "is_removed": false
      },
      {
        "type": "JSON Web Token",
        "filename": "tests\\test_signoff_identity.py",
        "hashed_secret": "2af8fa7d30021df2801a0589f2359d84c822a881",
        "is_verified": false,
        "line_number": 95,
        "is_added": false,
        "is_removed": false
      },
      {
        "type": "JSON Web Token",
        "filename": "tests\\test_signoff_identity.py",
        "hashed_secret": "9a7b73bf3d0b71a51019fbdcf0a5af0db1f4910c",
        "is_verified": false,
        "line_number": 96,
        "is_added": false,
        "is_removed": false
      }
    ],
    "tests\\test_token_boundary.py": [
      {
        "type": "Secret Keyword",
        "filename": "tests\\test_token_boundary.py",
        "hashed_secret": "f9895b69fb8cf2e5946f5a152d7ee0c4ccbc01f6",
        "is_verified": false,
        "line_number": 21,
        "is_added": false,
        "is_removed": false
      },
      {
        "type": "Secret Keyword",
        "filename": "tests\\test_token_boundary.py",
        "hashed_secret": "59df6723fb54fd8dde6dcf51034e51491bfbff24",
        "is_verified": false,
        "line_number": 38,
        "is_added": false,
        "is_removed": false
      }
    ],
    "tests\\test_trace_correlation.py": [
      {
        "type": "Hex High Entropy String",
        "filename": "tests\\test_trace_correlation.py",
        "hashed_secret": "ed315253ce3032148f8d27191768a99f89aa6b76",
        "is_verified": false,
        "line_number": 24,
        "is_added": false,
        "is_removed": false
      }
    ]
  },
  "generated_at": "2026-09-08T03:48:39Z"
}
