{
  "filters_used": [
    {
      "filename": ".secrets.baseline",
      "path": "detect_secrets.filters.common.is_baseline_file"
    },
    {
      "min_level": 2,
      "path": "detect_secrets.filters.common.is_ignored_due_to_verification_policies"
    },
    {
      "path": "detect_secrets.filters.allowlist.is_line_allowlisted"
    },
    {
      "path": "detect_secrets.filters.heuristic.is_indirect_reference"
    },
    {
      "path": "detect_secrets.filters.heuristic.is_likely_id_string"
    },
    {
      "path": "detect_secrets.filters.heuristic.is_lock_file"
    },
    {
      "path": "detect_secrets.filters.heuristic.is_not_alphanumeric_string"
    },
    {
      "path": "detect_secrets.filters.heuristic.is_potential_uuid"
    },
    {
      "path": "detect_secrets.filters.heuristic.is_prefixed_with_dollar_sign"
    },
    {
      "path": "detect_secrets.filters.heuristic.is_sequential_string"
    },
    {
      "path": "detect_secrets.filters.heuristic.is_swagger_file"
    },
    {
      "path": "detect_secrets.filters.heuristic.is_templated_secret"
    },
    {
      "path": "detect_secrets.filters.regex.should_exclude_file",
      "pattern": [
        "(^|[\\\\/])(\\.git|\\.venv|node_modules|cdk\\.out|evidence|dist|build|__pycache__)[\\\\/]|\\.(sig|png|jpg|gz|zip|whl)$|sbom.*\\.json$"
      ]
    }
  ],
  "generated_at": "2026-09-08T04:03:07Z",
  "plugins_used": [
    {
      "name": "ArtifactoryDetector"
    },
    {
      "name": "AWSKeyDetector"
    },
    {
      "name": "AzureStorageKeyDetector"
    },
    {
      "limit": 4.5,
      "name": "Base64HighEntropyString"
    },
    {
      "name": "BasicAuthDetector"
    },
    {
      "name": "CloudantDetector"
    },
    {
      "name": "DiscordBotTokenDetector"
    },
    {
      "name": "GitHubTokenDetector"
    },
    {
      "name": "GitLabTokenDetector"
    },
    {
      "limit": 3.0,
      "name": "HexHighEntropyString"
    },
    {
      "name": "IbmCloudIamDetector"
    },
    {
      "name": "IbmCosHmacDetector"
    },
    {
      "name": "IPPublicDetector"
    },
    {
      "name": "JwtTokenDetector"
    },
    {
      "keyword_exclude": "",
      "name": "KeywordDetector"
    },
    {
      "name": "MailchimpDetector"
    },
    {
      "name": "NpmDetector"
    },
    {
      "name": "OpenAIDetector"
    },
    {
      "name": "PrivateKeyDetector"
    },
    {
      "name": "PypiTokenDetector"
    },
    {
      "name": "SendGridDetector"
    },
    {
      "name": "SlackDetector"
    },
    {
      "name": "SoftlayerDetector"
    },
    {
      "name": "SquareOAuthDetector"
    },
    {
      "name": "StripeDetector"
    },
    {
      "name": "TelegramBotTokenDetector"
    },
    {
      "name": "TwilioKeyDetector"
    }
  ],
  "results": {
    "agents/pharmacovigilance/manifest.yaml": [
      {
        "filename": "agents/pharmacovigilance/manifest.yaml",
        "hashed_secret": "b0ae1ab1ad32e2f6baf2cd4a148a5634f87b3153",
        "is_verified": false,
        "line_number": 21,
        "type": "Secret Keyword"
      },
      {
        "filename": "agents/pharmacovigilance/manifest.yaml",
        "hashed_secret": "10cfc7b40050cc1777831c27bc1b33c972d93469",
        "is_verified": false,
        "line_number": 23,
        "type": "Secret Keyword"
      },
      {
        "filename": "agents/pharmacovigilance/manifest.yaml",
        "hashed_secret": "d13d5d31df9f7a4d795aa9fd322838cc23a9c621",
        "is_verified": false,
        "line_number": 25,
        "type": "Secret Keyword"
      }
    ],
    "lib/controls/provenance.py": [
      {
        "filename": "lib/controls/provenance.py",
        "hashed_secret": "6deda9ff40e1b3a66cf61dd9ebac9c962b074487",
        "is_verified": false,
        "line_number": 29,
        "type": "Secret Keyword"
      },
      {
        "filename": "lib/controls/provenance.py",
        "hashed_secret": "0428839403be6b954c09dcfe425e81a0379f11cd",
        "is_verified": false,
        "line_number": 30,
        "type": "Secret Keyword"
      }
    ],
    "lib/engine/deploy.sh": [
      {
        "filename": "lib/engine/deploy.sh",
        "hashed_secret": "6eef6648406c333a4035cd5e60d0bf2ecf2606d7",
        "is_verified": false,
        "line_number": 189,
        "type": "Secret Keyword"
      }
    ],
    "lib/model_prices.json": [
      {
        "filename": "lib/model_prices.json",
        "hashed_secret": "792d90cb11757574913dbf10be95f6466c604e75",
        "is_verified": false,
        "line_number": 2,
        "type": "Base64 High Entropy String"
      }
    ],
    "scripts/validate_deployment.py": [
      {
        "filename": "scripts/validate_deployment.py",
        "hashed_secret": "b40f85dcc743fd999debd8563f2154a8f51df1b7",
        "is_verified": false,
        "line_number": 81,
        "type": "Secret Keyword"
      }
    ],
    "tests/test_cdk_stacks.py": [
      {
        "filename": "tests/test_cdk_stacks.py",
        "hashed_secret": "f9eeaf7fde1bdf57ddd6bafa735cea386cd3e36e",
        "is_verified": false,
        "line_number": 777,
        "type": "Secret Keyword"
      }
    ],
    "tests/test_connector_sig.py": [
      {
        "filename": "tests/test_connector_sig.py",
        "hashed_secret": "228eaaf10bbf842bd4bde7c7fe8b9d1ea7f50740",
        "is_verified": false,
        "line_number": 18,
        "type": "Base64 High Entropy String"
      },
      {
        "filename": "tests/test_connector_sig.py",
        "hashed_secret": "07d7014dde42c56e2641d6bd8b36e16a65006f84",
        "is_verified": false,
        "line_number": 24,
        "type": "JSON Web Token"
      },
      {
        "filename": "tests/test_connector_sig.py",
        "hashed_secret": "5e53a48ef6a633fb3da200ab1f2ceb2dc4787024",
        "is_verified": false,
        "line_number": 25,
        "type": "JSON Web Token"
      }
    ],
    "tests/test_secrets_baseline_check.py": [
      {
        "filename": "tests/test_secrets_baseline_check.py",
        "hashed_secret": "6367c48dd193d56ea7b0baad25b19455e529f5ee",
        "is_verified": false,
        "line_number": 43,
        "type": "Secret Keyword"
      },
      {
        "filename": "tests/test_secrets_baseline_check.py",
        "hashed_secret": "f49cf6381e322b147053b74e4500af8533ac1e4c",
        "is_verified": false,
        "line_number": 66,
        "type": "Secret Keyword"
      }
    ],
    "tests/test_signoff_identity.py": [
      {
        "filename": "tests/test_signoff_identity.py",
        "hashed_secret": "228eaaf10bbf842bd4bde7c7fe8b9d1ea7f50740",
        "is_verified": false,
        "line_number": 93,
        "type": "Base64 High Entropy String"
      },
      {
        "filename": "tests/test_signoff_identity.py",
        "hashed_secret": "07d7014dde42c56e2641d6bd8b36e16a65006f84",
        "is_verified": false,
        "line_number": 95,
        "type": "JSON Web Token"
      },
      {
        "filename": "tests/test_signoff_identity.py",
        "hashed_secret": "5e53a48ef6a633fb3da200ab1f2ceb2dc4787024",
        "is_verified": false,
        "line_number": 96,
        "type": "JSON Web Token"
      }
    ],
    "tests/test_tenant_interceptor.py": [
      {
        "filename": "tests/test_tenant_interceptor.py",
        "hashed_secret": "e4eeec529fc9a32916fe8751d277944eefb98c85",
        "is_verified": false,
        "line_number": 22,
        "type": "Secret Keyword"
      }
    ],
    "tests/test_trace_correlation.py": [
      {
        "filename": "tests/test_trace_correlation.py",
        "hashed_secret": "ed315253ce3032148f8d27191768a99f89aa6b76",
        "is_verified": false,
        "line_number": 24,
        "type": "Hex High Entropy String"
      }
    ]
  },
  "version": "1.5.0"
}
